c:\projects\ogl-lemonpie\lemonpie\debug\vc143.pdb
c:\projects\ogl-lemonpie\lemonpie\debug\skybox.obj
c:\projects\ogl-lemonpie\lemonpie\debug\shader.obj
c:\projects\ogl-lemonpie\lemonpie\debug\rawmodel.obj
c:\projects\ogl-lemonpie\lemonpie\debug\objloader.obj
c:\projects\ogl-lemonpie\lemonpie\debug\masterrenderer.obj
c:\projects\ogl-lemonpie\lemonpie\debug\main.obj
c:\projects\ogl-lemonpie\lemonpie\debug\loader.obj
c:\projects\ogl-lemonpie\lemonpie\debug\light.obj
c:\projects\ogl-lemonpie\lemonpie\debug\imgui_wrapper.obj
c:\projects\ogl-lemonpie\lemonpie\debug\imgui_widgets.obj
c:\projects\ogl-lemonpie\lemonpie\debug\imgui_tables.obj
c:\projects\ogl-lemonpie\lemonpie\debug\imgui_draw.obj
c:\projects\ogl-lemonpie\lemonpie\debug\imgui_demo.obj
c:\projects\ogl-lemonpie\lemonpie\debug\imgui.obj
c:\projects\ogl-lemonpie\lemonpie\debug\imgui_impl_win32.obj
c:\projects\ogl-lemonpie\lemonpie\debug\imgui_impl_opengl3.obj
c:\projects\ogl-lemonpie\lemonpie\debug\entityrenderer.obj
c:\projects\ogl-lemonpie\lemonpie\debug\entity.obj
c:\projects\ogl-lemonpie\lemonpie\debug\display.obj
c:\projects\ogl-lemonpie\lemonpie\debug\cameracontrol.obj
c:\projects\ogl-lemonpie\lemonpie\debug\texturedmodel.obj
c:\projects\ogl-lemonpie\lemonpie\debug\texturedata.obj
c:\projects\ogl-lemonpie\lemonpie\debug\texture.obj
c:\projects\ogl-lemonpie\lemonpie\debug\terrainshader.obj
c:\projects\ogl-lemonpie\lemonpie\debug\terrainrenderer.obj
c:\projects\ogl-lemonpie\lemonpie\debug\terrain.obj
c:\projects\ogl-lemonpie\lemonpie\debug\staticshader.obj
c:\projects\ogl-lemonpie\lemonpie\debug\skyboxshader.obj
c:\projects\ogl-lemonpie\lemonpie\debug\skyboxrenderer.obj
c:\projects\ogl-lemonpie\lemonpie\debug\lemonpie.exe
c:\projects\ogl-lemonpie\lemonpie\debug\lemonpie.pdb
c:\projects\ogl-lemonpie\lemonpie\debug\texture.res
c:\projects\ogl-lemonpie\lemonpie\debug\lemonpie.tlog\cl.command.1.tlog
c:\projects\ogl-lemonpie\lemonpie\debug\lemonpie.tlog\cl.items.tlog
c:\projects\ogl-lemonpie\lemonpie\debug\lemonpie.tlog\cl.read.1.tlog
c:\projects\ogl-lemonpie\lemonpie\debug\lemonpie.tlog\cl.write.1.tlog
c:\projects\ogl-lemonpie\lemonpie\debug\lemonpie.tlog\link.command.1.tlog
c:\projects\ogl-lemonpie\lemonpie\debug\lemonpie.tlog\link.read.1.tlog
c:\projects\ogl-lemonpie\lemonpie\debug\lemonpie.tlog\link.write.1.tlog
c:\projects\ogl-lemonpie\lemonpie\debug\lemonpie.tlog\rc.command.1.tlog
c:\projects\ogl-lemonpie\lemonpie\debug\lemonpie.tlog\rc.read.1.tlog
c:\projects\ogl-lemonpie\lemonpie\debug\lemonpie.tlog\rc.write.1.tlog
